
                      [38;2;127;87;180m ██████   █████ ██████████ ███████████  █████  █████ █████        █████████[m
                      [38;2;127;87;180m░░██████ ░░███ ░░███░░░░░█░░███░░░░░███░░███  ░░███ ░░███        ███░░░░░███[m
                      [38;2;127;87;180m ░███░███ ░███  ░███  █ ░  ░███    ░███ ░███   ░███  ░███       ░███    ░███[m
                      [38;2;127;87;180m ░███░░███░███  ░██████    ░██████████  ░███   ░███  ░███       ░███████████[m
                      [38;2;127;87;180m ░███ ░░██████  ░███░░█    ░███░░░░░███ ░███   ░███  ░███       ░███░░░░░███[m
                      [38;2;127;87;180m ░███  ░░█████  ░███ ░   █ ░███    ░███ ░███   ░███  ░███      █░███    ░███[m
                      [38;2;127;87;180m █████  ░░█████ ██████████ ███████████  ░░████████   ███████████░███    ░███[m
                      [38;2;127;87;180m░░░░░    ░░░░░ ░░░░░░░░░░ ░░░░░░░░░░░   ░░░░░░░░   ░░░░░░░░░░░░░░░    ░░░[m

                               [38;2;155;160;191mContext Infrastructure for Agents • Command-Line Interface[m         
                               [38;2;39;53;64m──────────────────────────────────────────────────────────[m         

                [1;38;2;153;114;207mInbox[m  [38;2;155;160;191mEntities[m  [38;2;155;160;191mRelationships[m  [38;2;155;160;191mContext[m  [38;2;155;160;191mJobs[m  [38;2;155;160;191mLogs[m  [38;2;155;160;191mFiles[m [48;2;153;114;207m [m[1;38;2;22;22;29;48;2;153;114;207mProtocols[m[48;2;153;114;207m [m [38;2;155;160;191mHistory[m  [38;2;155;160;191mSettings[m 

                                                      [38;2;155;160;191mAdd[m  [48;2;127;87;180m [m[1;38;2;22;22;29;48;2;127;87;180mLibrary[m[48;2;127;87;180m [m                                                    
                                                                                                                        
    [38;2;39;53;64m╭───────────────────────────────────────────────────────────────────────────────────────────────────────────────╮[m   
    [38;2;39;53;64m│[m                                                                                                               [38;2;39;53;64m│[m   
    [38;2;39;53;64m│[m  [38;2;155;160;191m2 total[m                                                                                                      [38;2;39;53;64m│[m   
    [38;2;39;53;64m│[m                                                                                                               [38;2;39;53;64m│[m   
    [38;2;39;53;64m│[m   [1;38;2;215;217;218mName              [m  [1;38;2;215;217;218mTitle                                                   [m  [1;38;2;215;217;218mStatus     [m  [1;38;2;215;217;218mAt             [m  [38;2;39;53;64m│[m   
    [38;2;39;53;64m│[m  [48;2;42;51;72m [m[1;38;2;238;242;255;48;2;42;51;72m [38;2;215;217;218msafety-review     [m  [38;2;215;217;218mSafety Review Protocol                                  [m  [38;2;215;217;218mactive     [m  [38;2;215;217;218m01-15 11:30[m     [38;2;39;53;64m│[m   
    [38;2;39;53;64m│[m  [38;2;215;217;218mCET[m[m[48;2;42;51;72m[m                                                                                                          [38;2;39;53;64m│[m   
    [38;2;39;53;64m│[m   [38;2;215;217;218mdeployment-chec...[m  [38;2;215;217;218mDeployment Checklist                                    [m  [38;2;215;217;218mactive     [m  [38;2;215;217;218m01-16 15:00[m      [38;2;39;53;64m│[m   
    [38;2;39;53;64m│[m  [38;2;215;217;218mCET[m                                                                                                          [38;2;39;53;64m│[m   
    [38;2;39;53;64m│[m                                                                                                               [38;2;39;53;64m│[m   
    [38;2;39;53;64m│[m                                                                                                               [38;2;39;53;64m│[m   
    [38;2;39;53;64m│[m                                                                                                               [38;2;39;53;64m│[m   
    [38;2;39;53;64m│[m                                                                                                               [38;2;39;53;64m│[m   
    [38;2;39;53;64m│[m                                                                                                               [38;2;39;53;64m│[m   
    [38;2;39;53;64m│[m                                                                                                               [38;2;39;53;64m│[m   
    [38;2;39;53;64m│[m                                                                                                               [38;2;39;53;64m│[m   
    [38;2;39;53;64m│[m                                                                                                               [38;2;39;53;64m│[m   
    [38;2;39;53;64m│[m                                                                                                               [38;2;39;53;64m│[m   
    [38;2;39;53;64m│[m                                                                                                               [38;2;39;53;64m│[m   
    [38;2;39;53;64m│[m  [38;2;39;53;64m╭──────────────────────╮[m                                                                                     [38;2;39;53;64m│[m   

                                                                                                                        
                                 [38;2;155;160;191m[1;38;2;127;87;180m?[m [38;2;155;160;191mhelp[m[38;2;39;53;64m • [m[1;38;2;127;87;180mq[m [38;2;155;160;191mquit[m[38;2;39;53;64m • [m[1;38;2;127;87;180m/[m [38;2;155;160;191mcommand[m[38;2;39;53;64m • [m[1;38;2;127;87;180menter[m [38;2;155;160;191mselect[m[38;2;39;53;64m • [m[1;38;2;127;87;180mesc[m [38;2;155;160;191mback[m[m                                  