
                      [38;2;127;87;180m ██████   █████ ██████████ ███████████  █████  █████ █████        █████████[m
                      [38;2;127;87;180m░░██████ ░░███ ░░███░░░░░█░░███░░░░░███░░███  ░░███ ░░███        ███░░░░░███[m
                      [38;2;127;87;180m ░███░███ ░███  ░███  █ ░  ░███    ░███ ░███   ░███  ░███       ░███    ░███[m
                      [38;2;127;87;180m ░███░░███░███  ░██████    ░██████████  ░███   ░███  ░███       ░███████████[m
                      [38;2;127;87;180m ░███ ░░██████  ░███░░█    ░███░░░░░███ ░███   ░███  ░███       ░███░░░░░███[m
                      [38;2;127;87;180m ░███  ░░█████  ░███ ░   █ ░███    ░███ ░███   ░███  ░███      █░███    ░███[m
                      [38;2;127;87;180m █████  ░░█████ ██████████ ███████████  ░░████████   ███████████░███    ░███[m
                      [38;2;127;87;180m░░░░░    ░░░░░ ░░░░░░░░░░ ░░░░░░░░░░░   ░░░░░░░░   ░░░░░░░░░░░░░░░    ░░░[m

                               [38;2;155;160;191mContext Infrastructure for Agents • Command-Line Interface[m         
                               [38;2;39;53;64m──────────────────────────────────────────────────────────[m         

               [48;2;153;114;207m [m[1;38;2;22;22;29;48;2;153;114;207mInbox[m[48;2;153;114;207m [m [38;2;155;160;191mEntities[m  [38;2;155;160;191mRelationships[m  [38;2;155;160;191mContext[m  [38;2;155;160;191mJobs[m  [38;2;155;160;191mLogs[m  [38;2;155;160;191mFiles[m  [38;2;155;160;191mProtocols[m  [38;2;155;160;191mHistory[m  [38;2;155;160;191mSettings[m 

    [38;2;39;53;64m╭──────────────────────────────────────────────────────────────────────────────────────────────────────────────╮[m
    [38;2;39;53;64m│[m                                                                                                              [38;2;39;53;64m│[m
    [38;2;39;53;64m│[m  [38;2;155;160;191mesc to close[m                                                                                                [38;2;39;53;64m│[m
    [38;2;39;53;64m│[m                                                                                                              [38;2;39;53;64m│[m
    [38;2;39;53;64m│[m  [1;38;2;127;87;180m↑[m     [38;2;155;160;191mmove up[m  [38;2;39;53;64m    [m[1;38;2;127;87;180m1-9/0[m [38;2;155;160;191mtabs[m    [38;2;39;53;64m    [m[1;38;2;127;87;180mctrl+u[m [38;2;155;160;191mscroll up[m                                                       [38;2;39;53;64m│[m
    [38;2;39;53;64m│[m  [1;38;2;127;87;180m↓[m     [38;2;155;160;191mmove down[m    [1;38;2;127;87;180m←[m     [38;2;155;160;191mprev tab[m    [1;38;2;127;87;180mctrl+d[m [38;2;155;160;191mscroll down[m                                                     [38;2;39;53;64m│[m
    [38;2;39;53;64m│[m  [1;38;2;127;87;180menter[m [38;2;155;160;191mselect[m       [1;38;2;127;87;180m→[m     [38;2;155;160;191mnext tab[m    [1;38;2;127;87;180mspace[m  [38;2;155;160;191mtoggle[m                                                          [38;2;39;53;64m│[m
    [38;2;39;53;64m│[m  [1;38;2;127;87;180mesc[m   [38;2;155;160;191mback[m         [1;38;2;127;87;180m/[m     [38;2;155;160;191mcommand[m     [1;38;2;127;87;180m?[m      [38;2;155;160;191mhelp[m                                                            [38;2;39;53;64m│[m
    [38;2;39;53;64m│[m                                       [1;38;2;127;87;180mq[m      [38;2;155;160;191mquit[m                                                            [38;2;39;53;64m│[m
    [38;2;39;53;64m│[m                                                                                                              [38;2;39;53;64m│[m
    [38;2;39;53;64m╰──────────────────────────────────────────────────────────────────────────────────────────────────────────────╯[m

                                                                                                                        
                                 [38;2;155;160;191m[1;38;2;127;87;180m?[m [38;2;155;160;191mhelp[m[38;2;39;53;64m • [m[1;38;2;127;87;180mq[m [38;2;155;160;191mquit[m[38;2;39;53;64m • [m[1;38;2;127;87;180m/[m [38;2;155;160;191mcommand[m[38;2;39;53;64m • [m[1;38;2;127;87;180menter[m [38;2;155;160;191mselect[m[38;2;39;53;64m • [m[1;38;2;127;87;180mesc[m [38;2;155;160;191mback[m[m                                  