
                      [38;2;127;87;180m ██████   █████ ██████████ ███████████  █████  █████ █████        █████████[m
                      [38;2;127;87;180m░░██████ ░░███ ░░███░░░░░█░░███░░░░░███░░███  ░░███ ░░███        ███░░░░░███[m
                      [38;2;127;87;180m ░███░███ ░███  ░███  █ ░  ░███    ░███ ░███   ░███  ░███       ░███    ░███[m
                      [38;2;127;87;180m ░███░░███░███  ░██████    ░██████████  ░███   ░███  ░███       ░███████████[m
                      [38;2;127;87;180m ░███ ░░██████  ░███░░█    ░███░░░░░███ ░███   ░███  ░███       ░███░░░░░███[m
                      [38;2;127;87;180m ░███  ░░█████  ░███ ░   █ ░███    ░███ ░███   ░███  ░███      █░███    ░███[m
                      [38;2;127;87;180m █████  ░░█████ ██████████ ███████████  ░░████████   ███████████░███    ░███[m
                      [38;2;127;87;180m░░░░░    ░░░░░ ░░░░░░░░░░ ░░░░░░░░░░░   ░░░░░░░░   ░░░░░░░░░░░░░░░    ░░░[m

                               [38;2;155;160;191mContext Infrastructure for Agents • Command-Line Interface[m         
                               [38;2;39;53;64m──────────────────────────────────────────────────────────[m         

               [48;2;153;114;207m [m[1;38;2;22;22;29;48;2;153;114;207mInbox[m[48;2;153;114;207m [m [38;2;155;160;191mEntities[m  [38;2;155;160;191mRelationships[m  [38;2;155;160;191mContext[m  [38;2;155;160;191mJobs[m  [38;2;155;160;191mLogs[m  [38;2;155;160;191mFiles[m  [38;2;155;160;191mProtocols[m  [38;2;155;160;191mHistory[m  [38;2;155;160;191mSettings[m 

    [38;2;39;53;64m╭──────────────────────────────────────────────────────────────────────────────────────────────────────────────╮[m    
    [38;2;39;53;64m│[m                                                                                                              [38;2;39;53;64m│[m    
    [38;2;39;53;64m│[m  [38;2;155;160;191mEnter your Nebula username to create or resume your local session.[m                                          [38;2;39;53;64m│[m    
    [38;2;39;53;64m│[m                                                                                                              [38;2;39;53;64m│[m    
    [38;2;39;53;64m│[m  [1;38;2;67;107;119mUsername[m                                                                                                    [38;2;39;53;64m│[m    
    [38;2;39;53;64m│[m  [1;38;2;199;155;255m> █[m                                                                                                         [38;2;39;53;64m│[m    
    [38;2;39;53;64m│[m                                                                                                              [38;2;39;53;64m│[m    
    [38;2;39;53;64m│[m  [38;2;155;160;191mPress Enter to login.[m                                                                                       [38;2;39;53;64m│[m    
    [38;2;39;53;64m│[m                                                                                                              [38;2;39;53;64m│[m    
    [38;2;39;53;64m╰──────────────────────────────────────────────────────────────────────────────────────────────────────────────╯[m    
                                                                                                                        
                                                                                                                        
                                                                                                                        
                                                                                                                        
                                                                                                                        
                                                                                                                        
                                                                                                                        
                                                                                                                        
                                                                                                                        
                                                                                                                        
                                                                                                                        
                                                                                                                        
                                                                                                                        
                                                                                                                        