
                      [38;2;127;87;180m ██████   █████ ██████████ ███████████  █████  █████ █████        █████████[m
                      [38;2;127;87;180m░░██████ ░░███ ░░███░░░░░█░░███░░░░░███░░███  ░░███ ░░███        ███░░░░░███[m
                      [38;2;127;87;180m ░███░███ ░███  ░███  █ ░  ░███    ░███ ░███   ░███  ░███       ░███    ░███[m
                      [38;2;127;87;180m ░███░░███░███  ░██████    ░██████████  ░███   ░███  ░███       ░███████████[m
                      [38;2;127;87;180m ░███ ░░██████  ░███░░█    ░███░░░░░███ ░███   ░███  ░███       ░███░░░░░███[m
                      [38;2;127;87;180m ░███  ░░█████  ░███ ░   █ ░███    ░███ ░███   ░███  ░███      █░███    ░███[m
                      [38;2;127;87;180m █████  ░░█████ ██████████ ███████████  ░░████████   ███████████░███    ░███[m
                      [38;2;127;87;180m░░░░░    ░░░░░ ░░░░░░░░░░ ░░░░░░░░░░░   ░░░░░░░░   ░░░░░░░░░░░░░░░    ░░░[m

                               [38;2;155;160;191mContext Infrastructure for Agents • Command-Line Interface[m         
                               [38;2;39;53;64m──────────────────────────────────────────────────────────[m         

               [48;2;153;114;207m [m[1;38;2;22;22;29;48;2;153;114;207mInbox[m[48;2;153;114;207m [m [38;2;155;160;191mEntities[m  [38;2;155;160;191mRelationships[m  [38;2;155;160;191mContext[m  [38;2;155;160;191mJobs[m  [38;2;155;160;191mLogs[m  [38;2;155;160;191mFiles[m  [38;2;155;160;191mProtocols[m  [38;2;155;160;191mHistory[m  [38;2;155;160;191mSettings[m 

    [38;2;39;53;64m╭──────────────────────────────────────────────────────────────────────────────────────────────────────────────╮[m
    [38;2;39;53;64m│[m                                                                                                              [38;2;39;53;64m│[m
    [38;2;39;53;64m│[m  [1;38;2;67;107;119mSearch[m[38;2;155;160;191m: [m[37m[m[38;2;155;160;191mS[m                                                                                                   [38;2;39;53;64m│[m
    [38;2;39;53;64m│[m                                                                                                              [38;2;39;53;64m│[m
    [38;2;39;53;64m│[m    [1;38;2;67;107;119mAction                                                                 [m[38;2;39;53;64m│[m[1;38;2;67;107;119mDescription[m                       [38;2;39;53;64m│[m
    [38;2;39;53;64m│[m  [38;2;39;53;64m[m                                                                                                            [38;2;39;53;64m│[m
    [38;2;39;53;64m│[m  [38;2;39;53;64m───────────────────────────────────────────────────────────────────────┼──────────────────────────────────[m  [38;2;39;53;64m│[m
    [38;2;39;53;64m│[m    Inbox                                                                  [38;2;39;53;64m│[mGo to inbox                       [38;2;39;53;64m│[m
    [38;2;39;53;64m│[m    Entities                                                               [38;2;39;53;64m│[mBrowse entities                   [38;2;39;53;64m│[m
    [38;2;39;53;64m│[m    Relationships                                                          [38;2;39;53;64m│[mBrowse relationships              [38;2;39;53;64m│[m
    [38;2;39;53;64m│[m    Context                                                                [38;2;39;53;64m│[mAdd context                       [38;2;39;53;64m│[m
    [38;2;39;53;64m│[m    Jobs                                                                   [38;2;39;53;64m│[mView jobs                         [38;2;39;53;64m│[m
    [38;2;39;53;64m│[m    History                                                                [38;2;39;53;64m│[mAudit log                         [38;2;39;53;64m│[m
    [38;2;39;53;64m│[m    Settings                                                               [38;2;39;53;64m│[mConfig, keys, and agents          [38;2;39;53;64m│[m
    [38;2;39;53;64m│[m    Import                                                                 [38;2;39;53;64m│[mBulk import from file             [38;2;39;53;64m│[m
    [38;2;39;53;64m│[m    Export                                                                 [38;2;39;53;64m│[mExport data to file               [38;2;39;53;64m│[m
    [38;2;39;53;64m│[m    Settings: API keys                                                     [38;2;39;53;64m│[mManage keys                       [38;2;39;53;64m│[m
    [38;2;39;53;64m│[m    Settings: agents                                                       [38;2;39;53;64m│[mManage agents                     [38;2;39;53;64m│[m
    [38;2;39;53;64m│[m    Settings: taxonomy                                                     [38;2;39;53;64m│[mManage scopes and types           [38;2;39;53;64m│[m
    [38;2;39;53;64m│[m    Quit                                                                   [38;2;39;53;64m│[mExit CLI                          [38;2;39;53;64m│[m
    [38;2;39;53;64m│[m                                                                                                              [38;2;39;53;64m│[m
    [38;2;39;53;64m╰──────────────────────────────────────────────────────────────────────────────────────────────────────────────╯[m

                                                                                                                        
                                 [38;2;155;160;191m[1;38;2;127;87;180m?[m [38;2;155;160;191mhelp[m[38;2;39;53;64m • [m[1;38;2;127;87;180mq[m [38;2;155;160;191mquit[m[38;2;39;53;64m • [m[1;38;2;127;87;180m/[m [38;2;155;160;191mcommand[m[38;2;39;53;64m • [m[1;38;2;127;87;180menter[m [38;2;155;160;191mselect[m[38;2;39;53;64m • [m[1;38;2;127;87;180mesc[m [38;2;155;160;191mback[m[m                                  