
                      [38;2;127;87;180m ██████   █████ ██████████ ███████████  █████  █████ █████        █████████[m
                      [38;2;127;87;180m░░██████ ░░███ ░░███░░░░░█░░███░░░░░███░░███  ░░███ ░░███        ███░░░░░███[m
                      [38;2;127;87;180m ░███░███ ░███  ░███  █ ░  ░███    ░███ ░███   ░███  ░███       ░███    ░███[m
                      [38;2;127;87;180m ░███░░███░███  ░██████    ░██████████  ░███   ░███  ░███       ░███████████[m
                      [38;2;127;87;180m ░███ ░░██████  ░███░░█    ░███░░░░░███ ░███   ░███  ░███       ░███░░░░░███[m
                      [38;2;127;87;180m ░███  ░░█████  ░███ ░   █ ░███    ░███ ░███   ░███  ░███      █░███    ░███[m
                      [38;2;127;87;180m █████  ░░█████ ██████████ ███████████  ░░████████   ███████████░███    ░███[m
                      [38;2;127;87;180m░░░░░    ░░░░░ ░░░░░░░░░░ ░░░░░░░░░░░   ░░░░░░░░   ░░░░░░░░░░░░░░░    ░░░[m

                               [38;2;155;160;191mContext Infrastructure for Agents • Command-Line Interface[m         
                               [38;2;39;53;64m──────────────────────────────────────────────────────────[m         

                [1;38;2;153;114;207mInbox[m [48;2;153;114;207m [m[1;38;2;22;22;29;48;2;153;114;207mEntities[m[48;2;153;114;207m [m [38;2;155;160;191mRelationships[m  [38;2;155;160;191mContext[m  [38;2;155;160;191mJobs[m  [38;2;155;160;191mLogs[m  [38;2;155;160;191mFiles[m  [38;2;155;160;191mProtocols[m  [38;2;155;160;191mHistory[m  [38;2;155;160;191mSettings[m 

                                                   [38;2;155;160;191mAdd[m  [48;2;127;87;180m [m[1;38;2;22;22;29;48;2;127;87;180mLibrary[m[48;2;127;87;180m [m                                                       
                                                                                                                        
 [38;2;39;53;64m┌──────────────────────────────────────────────────────────────────────────────────────────────────────────────────────[m
 [38;2;39;53;64m│[m Field    Value                                                                                                       [38;2;39;53;64m[m
 [38;2;39;53;64m│[m[38;2;39;53;64m─────────[m[38;2;39;53;64m─────────────────────────────────────────────────────────────────────────────────────────────────────────────[m[38;2;39;53;64m[m
 [38;2;39;53;64m│[m ID       ent-001                                                                                                     [38;2;39;53;64m[m
 [38;2;39;53;64m│[m Name     AlphaAgent                                                                                                  [38;2;39;53;64m[m
 [38;2;39;53;64m│[m Type     agent                                                                                                       [38;2;39;53;64m[m
 [38;2;39;53;64m│[m Status   active                                                                                                      [38;2;39;53;64m[m
 [38;2;39;53;64m│[m Tags     ai, research                                                                                                [38;2;39;53;64m[m
 [38;2;39;53;64m│[m Created  2026-01-15 11:30 CET                                                                                        [38;2;39;53;64m[m
 [38;2;39;53;64m│[m Updated  2026-01-15 11:30 CET                                                                                        [38;2;39;53;64m[m
 [38;2;39;53;64m└──────────────────────────────────────────────────────────────────────────────────────────────────────────────────────[m
                                                                                                                        
 [38;2;39;53;64m╭──────────────────────────────────────────────────────────────────────────────────────────────────────────────╮[m       
 [38;2;39;53;64m│[m                                                                                                              [38;2;39;53;64m│[m       
 [38;2;39;53;64m│[m  No context items yet.                                                                                       [38;2;39;53;64m│[m       
 [38;2;39;53;64m│[m                                                                                                              [38;2;39;53;64m│[m       
 [38;2;39;53;64m╰──────────────────────────────────────────────────────────────────────────────────────────────────────────────╯[m       
                                                                                                                        
                                                                                                                        
                                                                                                                        
                                                                                                                        
                                                                                                                        