
                      [38;2;127;87;180m ██████   █████ ██████████ ███████████  █████  █████ █████        █████████[m
                      [38;2;127;87;180m░░██████ ░░███ ░░███░░░░░█░░███░░░░░███░░███  ░░███ ░░███        ███░░░░░███[m
                      [38;2;127;87;180m ░███░███ ░███  ░███  █ ░  ░███    ░███ ░███   ░███  ░███       ░███    ░███[m
                      [38;2;127;87;180m ░███░░███░███  ░██████    ░██████████  ░███   ░███  ░███       ░███████████[m
                      [38;2;127;87;180m ░███ ░░██████  ░███░░█    ░███░░░░░███ ░███   ░███  ░███       ░███░░░░░███[m
                      [38;2;127;87;180m ░███  ░░█████  ░███ ░   █ ░███    ░███ ░███   ░███  ░███      █░███    ░███[m
                      [38;2;127;87;180m █████  ░░█████ ██████████ ███████████  ░░████████   ███████████░███    ░███[m
                      [38;2;127;87;180m░░░░░    ░░░░░ ░░░░░░░░░░ ░░░░░░░░░░░   ░░░░░░░░   ░░░░░░░░░░░░░░░    ░░░[m

                               [38;2;155;160;191mContext Infrastructure for Agents • Command-Line Interface[m         
                               [38;2;39;53;64m──────────────────────────────────────────────────────────[m         

               [48;2;153;114;207m [m[1;38;2;22;22;29;48;2;153;114;207mInbox[m[48;2;153;114;207m [m [38;2;155;160;191mEntities[m  [38;2;155;160;191mRelationships[m  [38;2;155;160;191mContext[m  [38;2;155;160;191mJobs[m  [38;2;155;160;191mLogs[m  [38;2;155;160;191mFiles[m  [38;2;155;160;191mProtocols[m  [38;2;155;160;191mHistory[m  [38;2;155;160;191mSettings[m 

                                        [38;2;39;53;64m╭──────────────────────────────────────╮[m
                                        [38;2;39;53;64m│[m                                      [38;2;39;53;64m│[m
                                        [38;2;39;53;64m│[m  [1;38;2;127;87;180mQuit[m                                [38;2;39;53;64m│[m
                                        [38;2;39;53;64m│[m                                      [38;2;39;53;64m│[m
                                        [38;2;39;53;64m│[m  [38;2;155;160;191mYou have unsaved changes. Quit[m      [38;2;39;53;64m│[m
                                        [38;2;39;53;64m│[m  [38;2;155;160;191manyway?[m[38;2;155;160;191m[m                             [38;2;39;53;64m│[m
                                        [38;2;39;53;64m│[m  [38;2;155;160;191menter: confirm | esc: cancel |[m      [38;2;39;53;64m│[m
                                        [38;2;39;53;64m│[m  [38;2;155;160;191my/n: alias[m                          [38;2;39;53;64m│[m
                                        [38;2;39;53;64m│[m                                      [38;2;39;53;64m│[m
                                        [38;2;39;53;64m╰──────────────────────────────────────╯[m