
                      [38;2;127;87;180m ██████   █████ ██████████ ███████████  █████  █████ █████        █████████[m
                      [38;2;127;87;180m░░██████ ░░███ ░░███░░░░░█░░███░░░░░███░░███  ░░███ ░░███        ███░░░░░███[m
                      [38;2;127;87;180m ░███░███ ░███  ░███  █ ░  ░███    ░███ ░███   ░███  ░███       ░███    ░███[m
                      [38;2;127;87;180m ░███░░███░███  ░██████    ░██████████  ░███   ░███  ░███       ░███████████[m
                      [38;2;127;87;180m ░███ ░░██████  ░███░░█    ░███░░░░░███ ░███   ░███  ░███       ░███░░░░░███[m
                      [38;2;127;87;180m ░███  ░░█████  ░███ ░   █ ░███    ░███ ░███   ░███  ░███      █░███    ░███[m
                      [38;2;127;87;180m █████  ░░█████ ██████████ ███████████  ░░████████   ███████████░███    ░███[m
                      [38;2;127;87;180m░░░░░    ░░░░░ ░░░░░░░░░░ ░░░░░░░░░░░   ░░░░░░░░   ░░░░░░░░░░░░░░░    ░░░[m

                               [38;2;155;160;191mContext Infrastructure for Agents • Command-Line Interface[m         
                               [38;2;39;53;64m──────────────────────────────────────────────────────────[m         

                [1;38;2;153;114;207mInbox[m  [38;2;155;160;191mEntities[m  [38;2;155;160;191mRelationships[m [48;2;153;114;207m [m[1;38;2;22;22;29;48;2;153;114;207mContext[m[48;2;153;114;207m [m [38;2;155;160;191mJobs[m  [38;2;155;160;191mLogs[m  [38;2;155;160;191mFiles[m  [38;2;155;160;191mProtocols[m  [38;2;155;160;191mHistory[m  [38;2;155;160;191mSettings[m 

                                                      [38;2;155;160;191mAdd[m  [48;2;127;87;180m [m[1;38;2;22;22;29;48;2;127;87;180mLibrary[m[48;2;127;87;180m [m                                                    
                                                                                                                        
    [38;2;39;53;64m╭──────────────────────────────────────────────────────────────────────────────────────────────────────────────╮[m    
    [38;2;39;53;64m│[m                                                                                                              [38;2;39;53;64m│[m    
    [38;2;39;53;64m│[m  [1;38;2;67;107;119mID     [m  [38;2;215;217;218mctx-001[m                                                                                            [38;2;39;53;64m│[m    
    [38;2;39;53;64m│[m  [1;38;2;67;107;119mTitle  [m  [38;2;215;217;218mArchitecture Overview[m                                                                              [38;2;39;53;64m│[m    
    [38;2;39;53;64m│[m  [1;38;2;67;107;119mType   [m  [38;2;215;217;218mnote[m                                                                                               [38;2;39;53;64m│[m    
    [38;2;39;53;64m│[m  [1;38;2;67;107;119mStatus [m  [38;2;215;217;218mactive[m                                                                                             [38;2;39;53;64m│[m    
    [38;2;39;53;64m│[m  [1;38;2;67;107;119mTags   [m  [38;2;215;217;218mdocs, architecture[m                                                                                 [38;2;39;53;64m│[m    
    [38;2;39;53;64m│[m  [1;38;2;67;107;119mCreated[m  [38;2;215;217;218m2026-01-15 11:30 CET[m                                                                               [38;2;39;53;64m│[m    
    [38;2;39;53;64m│[m  [1;38;2;67;107;119mUpdated[m  [38;2;215;217;218m2026-01-15 11:30 CET[m                                                                               [38;2;39;53;64m│[m    
    [38;2;39;53;64m│[m                                                                                                              [38;2;39;53;64m│[m    
    [38;2;39;53;64m╰──────────────────────────────────────────────────────────────────────────────────────────────────────────────╯[m    
                                                                                                                        
                                                                                                                        
                                                                                                                        
                                                                                                                        
                                                                                                                        
                                                                                                                        
                                                                                                                        
                                                                                                                        
                                                                                                                        

                                                                                                                        
                                 [38;2;155;160;191m[1;38;2;127;87;180m?[m [38;2;155;160;191mhelp[m[38;2;39;53;64m • [m[1;38;2;127;87;180mq[m [38;2;155;160;191mquit[m[38;2;39;53;64m • [m[1;38;2;127;87;180m/[m [38;2;155;160;191mcommand[m[38;2;39;53;64m • [m[1;38;2;127;87;180menter[m [38;2;155;160;191mselect[m[38;2;39;53;64m • [m[1;38;2;127;87;180mesc[m [38;2;155;160;191mback[m[m                                  