
                      [38;2;127;87;180m ██████   █████ ██████████ ███████████  █████  █████ █████        █████████[m
                      [38;2;127;87;180m░░██████ ░░███ ░░███░░░░░█░░███░░░░░███░░███  ░░███ ░░███        ███░░░░░███[m
                      [38;2;127;87;180m ░███░███ ░███  ░███  █ ░  ░███    ░███ ░███   ░███  ░███       ░███    ░███[m
                      [38;2;127;87;180m ░███░░███░███  ░██████    ░██████████  ░███   ░███  ░███       ░███████████[m
                      [38;2;127;87;180m ░███ ░░██████  ░███░░█    ░███░░░░░███ ░███   ░███  ░███       ░███░░░░░███[m
                      [38;2;127;87;180m ░███  ░░█████  ░███ ░   █ ░███    ░███ ░███   ░███  ░███      █░███    ░███[m
                      [38;2;127;87;180m █████  ░░█████ ██████████ ███████████  ░░████████   ███████████░███    ░███[m
                      [38;2;127;87;180m░░░░░    ░░░░░ ░░░░░░░░░░ ░░░░░░░░░░░   ░░░░░░░░   ░░░░░░░░░░░░░░░    ░░░[m

                               [38;2;155;160;191mContext Infrastructure for Agents • Command-Line Interface[m         
                               [38;2;39;53;64m──────────────────────────────────────────────────────────[m         

               [48;2;153;114;207m [m[1;38;2;22;22;29;48;2;153;114;207mInbox[m[48;2;153;114;207m [m [38;2;155;160;191mEntities[m  [38;2;155;160;191mRelationships[m  [38;2;155;160;191mContext[m  [38;2;155;160;191mJobs[m  [38;2;155;160;191mLogs[m  [38;2;155;160;191mFiles[m  [38;2;155;160;191mProtocols[m  [38;2;155;160;191mHistory[m  [38;2;155;160;191mSettings[m 

    [38;2;39;53;64m╭──────────────────────────────────────────────────────────────────────────────────────────────────────────────╮[m    
    [38;2;39;53;64m│[m                                                                                                              [38;2;39;53;64m│[m    
    [38;2;39;53;64m│[m  [1;38;2;67;107;119mStep[m   [38;2;215;217;218mStep 1/3[m                                                                                             [38;2;39;53;64m│[m    
    [38;2;39;53;64m│[m                                                                                                              [38;2;39;53;64m│[m    
    [38;2;39;53;64m│[m  [1;38;2;67;107;119mAction[m [38;2;215;217;218mCreate your first entity.[m                                                                            [38;2;39;53;64m│[m    
    [38;2;39;53;64m│[m                                                                                                              [38;2;39;53;64m│[m    
    [38;2;39;53;64m│[m  [1;38;2;67;107;119mRoute[m  [38;2;215;217;218mEntities -> Add[m                                                                                      [38;2;39;53;64m│[m    
    [38;2;39;53;64m│[m                                                                                                              [38;2;39;53;64m│[m    
    [38;2;39;53;64m│[m  [38;2;155;160;191mUse <-/-> to change step, Enter to continue, Esc to skip.[m                                                   [38;2;39;53;64m│[m    
    [38;2;39;53;64m│[m                                                                                                              [38;2;39;53;64m│[m    
    [38;2;39;53;64m╰──────────────────────────────────────────────────────────────────────────────────────────────────────────────╯[m    
                                                                                                                        
                                                                                                                        
                                                                                                                        
                                                                                                                        
                                                                                                                        
                                                                                                                        
                                                                                                                        
                                                                                                                        
                                                                                                                        
                                                                                                                        
                                                                                                                        

                                                                                                                        
                                 [38;2;155;160;191m[1;38;2;127;87;180m?[m [38;2;155;160;191mhelp[m[38;2;39;53;64m • [m[1;38;2;127;87;180mq[m [38;2;155;160;191mquit[m[38;2;39;53;64m • [m[1;38;2;127;87;180m/[m [38;2;155;160;191mcommand[m[38;2;39;53;64m • [m[1;38;2;127;87;180menter[m [38;2;155;160;191mselect[m[38;2;39;53;64m • [m[1;38;2;127;87;180mesc[m [38;2;155;160;191mback[m[m                                  